stm32l1xx_it.c:73:6:NMI_Handler	4	static
stm32l1xx_it.c:88:6:HardFault_Handler	4	static
stm32l1xx_it.c:103:6:MemManage_Handler	4	static
stm32l1xx_it.c:118:6:BusFault_Handler	4	static
stm32l1xx_it.c:133:6:UsageFault_Handler	4	static
stm32l1xx_it.c:148:6:SVC_Handler	4	static
stm32l1xx_it.c:161:6:DebugMon_Handler	4	static
stm32l1xx_it.c:174:6:PendSV_Handler	4	static
stm32l1xx_it.c:187:6:SysTick_Handler	8	static
stm32l1xx_it.c:208:6:DMA1_Channel5_IRQHandler	8	static
stm32l1xx_it.c:222:6:TIM2_IRQHandler	8	static
stm32l1xx_it.c:236:6:USART1_IRQHandler	16	static
stm32l1xx_it.c:257:6:USART2_IRQHandler	8	static
stm32l1xx_it.c:269:6:process_uart_data	24	static
stm32l1xx_it.c:291:6:HAL_TIM_PeriodElapsedCallback	16	static
